// Jest Snapshot v1, https://goo.gl/fbAQLP

exports[`LoginScreen renders 1`] = `
<View
  style={
    Object {
      "alignItems": "center",
      "backgroundColor": "#fff",
      "flex": 1,
      "justifyContent": "center",
    }
  }
>
  <View>
    <View
      style={
        Object {
          "marginBottom": 20,
        }
      }
    >
      <Text
        accessible={true}
        allowFontScaling={true}
        ellipsizeMode="tail"
        style={
          Object {
            "color": "#595856",
            "fontFamily": "Verdana",
            "fontSize": 20,
            "marginBottom": 10,
          }
        }
      >
        Username
      </Text>
      <TextInput
        style={
          Object {
            "backgroundColor": "#FFF",
            "fontSize": 30,
            "height": 80,
          }
        }
      />
    </View>
    <View
      style={
        Object {
          "marginBottom": 20,
        }
      }
    >
      <Text
        accessible={true}
        allowFontScaling={true}
        ellipsizeMode="tail"
        style={
          Object {
            "color": "#595856",
            "fontFamily": "Verdana",
            "fontSize": 20,
            "marginBottom": 10,
          }
        }
      >
        Password
      </Text>
      <TextInput
        secureTextEntry={true}
        style={
          Object {
            "backgroundColor": "#FFF",
            "fontSize": 30,
            "height": 80,
          }
        }
      />
    </View>
  </View>
</View>
`;
